
*** Running vivado
    with args -log design_1_axi_mem_intercon_imp_auto_us_1.vds -m64 -product Vivado -mode batch -messageDb vivado.pb -notrace -source design_1_axi_mem_intercon_imp_auto_us_1.tcl


INFO: [Common 17-3922] A valid Vivado Design Suite BASIC license has been detected. Your current license is active and will expire on 27-sep-2027.
#-----------------------------------------------------------
# Vivado v2026.1 (64-bit)
# SW Build 6511674 on Tue Jun 16 11:02:23 MDT 2026
# IP Build 6504888 on Tue Jun 09 09:05:25 MDT 2026
# SharedData Build 6501428 on Mon Jun 08 17:34:18 MDT 2026
# Start of session at: Sat Oct  3 13:03:01 2026
# Process ID         : 36820
# Current directory  : C:/Users/eziochen/Desktop/fpga_project/fpga/image/image.runs/design_1_axi_mem_intercon_imp_auto_us_1_synth_1
# Command line       : vivado.exe -log design_1_axi_mem_intercon_imp_auto_us_1.vds -product Vivado -mode batch -messageDb vivado.pb -notrace -source design_1_axi_mem_intercon_imp_auto_us_1.tcl
# Log file           : C:/Users/eziochen/Desktop/fpga_project/fpga/image/image.runs/design_1_axi_mem_intercon_imp_auto_us_1_synth_1/design_1_axi_mem_intercon_imp_auto_us_1.vds
# Journal file       : C:/Users/eziochen/Desktop/fpga_project/fpga/image/image.runs/design_1_axi_mem_intercon_imp_auto_us_1_synth_1\vivado.jou
# Running On         : MSI
# Platform           : Windows 11
# Operating System   : 26200
# Processor Detail   : 13th Gen Intel(R) Core(TM) i9-13980HX
# CPU Frequency      : 2419 MHz
# CPU Physical cores : 24
# CPU Logical cores  : 32
# Host memory        : 34117 MB
# Swap memory        : 9663 MB
# Total Virtual      : 43781 MB
# Available Virtual  : 16488 MB
#-----------------------------------------------------------

****** Vivado v2026.1 (64-bit)
  **** SW Build 6511674 on Tue Jun 16 11:02:23 MDT 2026
  **** IP Build 6504888 on Tue Jun 09 09:05:25 MDT 2026
  **** SharedData Build 6501428 on Mon Jun 08 17:34:18 MDT 2026
  **** Start of session at: Sat Oct  3 13:03:01 2026
    ** Copyright 1986-2022 Xilinx, Inc. All Rights Reserved.
    ** Copyright 2022-2026 Advanced Micro Devices, Inc. All Rights Reserved.

source design_1_axi_mem_intercon_imp_auto_us_1.tcl -notrace
create_project: Time (s): cpu = 00:00:11 ; elapsed = 00:00:09 . Memory (MB): peak = 604.473 ; gain = 267.910
Command: synth_design -top design_1_axi_mem_intercon_imp_auto_us_1 -part xc7z020clg400-1 -incremental_mode off -mode out_of_context
Starting synth_design
Attempting to get a license for feature 'Vivado_Synthesis' and/or device 'xc7z020'
INFO: [Common 17-349] Got license for feature 'Vivado_Synthesis' and/or device 'xc7z020'
INFO: [Device 21-403] Loading part xc7z020clg400-1
INFO: [Designutils 20-5008] Incremental synthesis strategy off
INFO: [Synth 8-7079] Multithreading enabled for synth_design using a maximum of 2 processes.
INFO: [Synth 8-7078] Launching helper process for spawning children vivado processes
INFO: [Synth 8-7075] Helper process launched with PID 39680
---------------------------------------------------------------------------------
Starting RTL Elaboration : Time (s): cpu = 00:00:06 ; elapsed = 00:00:07 . Memory (MB): peak = 1424.957 ; gain = 574.168
---------------------------------------------------------------------------------
INFO: [Synth 8-6157] synthesizing module 'design_1_axi_mem_intercon_imp_auto_us_1' [c:/Users/eziochen/Desktop/fpga_project/fpga/image/image.gen/sources_1/bd/design_1/ip/design_1_axi_mem_intercon_imp_auto_us_1/synth/design_1_axi_mem_intercon_imp_auto_us_1.v:53]
INFO: [Synth 8-6157] synthesizing module 'axi_dwidth_converter_v2_1_38_top' [c:/Users/eziochen/Desktop/fpga_project/fpga/image/image.gen/sources_1/bd/design_1/ipshared/8ebb/hdl/axi_dwidth_converter_v2_1_vlsyn_rfs.v:14527]
INFO: [Synth 8-6157] synthesizing module 'axi_dwidth_converter_v2_1_38_axi_upsizer' [c:/Users/eziochen/Desktop/fpga_project/fpga/image/image.gen/sources_1/bd/design_1/ipshared/8ebb/hdl/axi_dwidth_converter_v2_1_vlsyn_rfs.v:7025]
INFO: [Synth 8-6157] synthesizing module 'axi_dwidth_converter_v2_1_38_w_upsizer' [c:/Users/eziochen/Desktop/fpga_project/fpga/image/image.gen/sources_1/bd/design_1/ipshared/8ebb/hdl/axi_dwidth_converter_v2_1_vlsyn_rfs.v:5552]
INFO: [Synth 8-6155] done synthesizing module 'axi_dwidth_converter_v2_1_38_w_upsizer' (0#1) [c:/Users/eziochen/Desktop/fpga_project/fpga/image/image.gen/sources_1/bd/design_1/ipshared/8ebb/hdl/axi_dwidth_converter_v2_1_vlsyn_rfs.v:5552]
INFO: [Synth 8-6157] synthesizing module 'axi_dwidth_converter_v2_1_38_a_upsizer' [c:/Users/eziochen/Desktop/fpga_project/fpga/image/image.gen/sources_1/bd/design_1/ipshared/8ebb/hdl/axi_dwidth_converter_v2_1_vlsyn_rfs.v:3594]
INFO: [Synth 8-6157] synthesizing module 'generic_baseblocks_v2_1_2_command_fifo' [c:/Users/eziochen/Desktop/fpga_project/fpga/image/image.gen/sources_1/bd/design_1/ipshared/0c28/hdl/generic_baseblocks_v2_1_rfs.v:648]
INFO: [Synth 8-6155] done synthesizing module 'generic_baseblocks_v2_1_2_command_fifo' (0#1) [c:/Users/eziochen/Desktop/fpga_project/fpga/image/image.gen/sources_1/bd/design_1/ipshared/0c28/hdl/generic_baseblocks_v2_1_rfs.v:648]
INFO: [Synth 8-6155] done synthesizing module 'axi_dwidth_converter_v2_1_38_a_upsizer' (0#1) [c:/Users/eziochen/Desktop/fpga_project/fpga/image/image.gen/sources_1/bd/design_1/ipshared/8ebb/hdl/axi_dwidth_converter_v2_1_vlsyn_rfs.v:3594]
INFO: [Synth 8-6157] synthesizing module 'axi_register_slice_v2_1_37_axi_register_slice' [c:/Users/eziochen/Desktop/fpga_project/fpga/image/image.gen/sources_1/bd/design_1/ipshared/8c55/hdl/axi_register_slice_v2_1_rfs.v:3721]
INFO: [Synth 8-6157] synthesizing module 'axi_infrastructure_v1_1_0_axi2vector' [c:/Users/eziochen/Desktop/fpga_project/fpga/image/image.gen/sources_1/bd/design_1/ipshared/ec67/hdl/axi_infrastructure_v1_1_vl_rfs.v:59]
INFO: [Synth 8-6155] done synthesizing module 'axi_infrastructure_v1_1_0_axi2vector' (0#1) [c:/Users/eziochen/Desktop/fpga_project/fpga/image/image.gen/sources_1/bd/design_1/ipshared/ec67/hdl/axi_infrastructure_v1_1_vl_rfs.v:59]
INFO: [Synth 8-6157] synthesizing module 'axi_infrastructure_v1_1_0_vector2axi' [c:/Users/eziochen/Desktop/fpga_project/fpga/image/image.gen/sources_1/bd/design_1/ipshared/ec67/hdl/axi_infrastructure_v1_1_vl_rfs.v:473]
INFO: [Synth 8-6155] done synthesizing module 'axi_infrastructure_v1_1_0_vector2axi' (0#1) [c:/Users/eziochen/Desktop/fpga_project/fpga/image/image.gen/sources_1/bd/design_1/ipshared/ec67/hdl/axi_infrastructure_v1_1_vl_rfs.v:473]
INFO: [Synth 8-6157] synthesizing module 'axi_register_slice_v2_1_37_axic_register_slice' [c:/Users/eziochen/Desktop/fpga_project/fpga/image/image.gen/sources_1/bd/design_1/ipshared/8c55/hdl/axi_register_slice_v2_1_rfs.v:1492]
INFO: [Synth 8-6155] done synthesizing module 'axi_register_slice_v2_1_37_axic_register_slice' (0#1) [c:/Users/eziochen/Desktop/fpga_project/fpga/image/image.gen/sources_1/bd/design_1/ipshared/8c55/hdl/axi_register_slice_v2_1_rfs.v:1492]
INFO: [Synth 8-6157] synthesizing module 'axi_register_slice_v2_1_37_axic_register_slice__parameterized0' [c:/Users/eziochen/Desktop/fpga_project/fpga/image/image.gen/sources_1/bd/design_1/ipshared/8c55/hdl/axi_register_slice_v2_1_rfs.v:1492]
INFO: [Synth 8-6155] done synthesizing module 'axi_register_slice_v2_1_37_axic_register_slice__parameterized0' (0#1) [c:/Users/eziochen/Desktop/fpga_project/fpga/image/image.gen/sources_1/bd/design_1/ipshared/8c55/hdl/axi_register_slice_v2_1_rfs.v:1492]
INFO: [Synth 8-6157] synthesizing module 'axi_register_slice_v2_1_37_axic_register_slice__parameterized1' [c:/Users/eziochen/Desktop/fpga_project/fpga/image/image.gen/sources_1/bd/design_1/ipshared/8c55/hdl/axi_register_slice_v2_1_rfs.v:1492]
INFO: [Synth 8-6155] done synthesizing module 'axi_register_slice_v2_1_37_axic_register_slice__parameterized1' (0#1) [c:/Users/eziochen/Desktop/fpga_project/fpga/image/image.gen/sources_1/bd/design_1/ipshared/8c55/hdl/axi_register_slice_v2_1_rfs.v:1492]
INFO: [Synth 8-6157] synthesizing module 'axi_register_slice_v2_1_37_axic_register_slice__parameterized2' [c:/Users/eziochen/Desktop/fpga_project/fpga/image/image.gen/sources_1/bd/design_1/ipshared/8c55/hdl/axi_register_slice_v2_1_rfs.v:1492]
INFO: [Synth 8-6155] done synthesizing module 'axi_register_slice_v2_1_37_axic_register_slice__parameterized2' (0#1) [c:/Users/eziochen/Desktop/fpga_project/fpga/image/image.gen/sources_1/bd/design_1/ipshared/8c55/hdl/axi_register_slice_v2_1_rfs.v:1492]
INFO: [Synth 8-6157] synthesizing module 'axi_register_slice_v2_1_37_axic_register_slice__parameterized3' [c:/Users/eziochen/Desktop/fpga_project/fpga/image/image.gen/sources_1/bd/design_1/ipshared/8c55/hdl/axi_register_slice_v2_1_rfs.v:1492]
INFO: [Synth 8-6155] done synthesizing module 'axi_register_slice_v2_1_37_axic_register_slice__parameterized3' (0#1) [c:/Users/eziochen/Desktop/fpga_project/fpga/image/image.gen/sources_1/bd/design_1/ipshared/8c55/hdl/axi_register_slice_v2_1_rfs.v:1492]
INFO: [Synth 8-6155] done synthesizing module 'axi_register_slice_v2_1_37_axi_register_slice' (0#1) [c:/Users/eziochen/Desktop/fpga_project/fpga/image/image.gen/sources_1/bd/design_1/ipshared/8c55/hdl/axi_register_slice_v2_1_rfs.v:3721]
INFO: [Synth 8-7071] port 'aclk2x' of module 'axi_register_slice_v2_1_37_axi_register_slice' is unconnected for instance 'si_register_slice_inst' [c:/Users/eziochen/Desktop/fpga_project/fpga/image/image.gen/sources_1/bd/design_1/ipshared/8ebb/hdl/axi_dwidth_converter_v2_1_vlsyn_rfs.v:7367]
INFO: [Synth 8-7023] instance 'si_register_slice_inst' of module 'axi_register_slice_v2_1_37_axi_register_slice' has 93 connections declared, but only 92 given [c:/Users/eziochen/Desktop/fpga_project/fpga/image/image.gen/sources_1/bd/design_1/ipshared/8ebb/hdl/axi_dwidth_converter_v2_1_vlsyn_rfs.v:7367]
INFO: [Synth 8-6155] done synthesizing module 'axi_dwidth_converter_v2_1_38_axi_upsizer' (0#1) [c:/Users/eziochen/Desktop/fpga_project/fpga/image/image.gen/sources_1/bd/design_1/ipshared/8ebb/hdl/axi_dwidth_converter_v2_1_vlsyn_rfs.v:7025]
INFO: [Synth 8-6155] done synthesizing module 'axi_dwidth_converter_v2_1_38_top' (0#1) [c:/Users/eziochen/Desktop/fpga_project/fpga/image/image.gen/sources_1/bd/design_1/ipshared/8ebb/hdl/axi_dwidth_converter_v2_1_vlsyn_rfs.v:14527]
INFO: [Synth 8-6155] done synthesizing module 'design_1_axi_mem_intercon_imp_auto_us_1' (0#1) [c:/Users/eziochen/Desktop/fpga_project/fpga/image/image.gen/sources_1/bd/design_1/ip/design_1_axi_mem_intercon_imp_auto_us_1/synth/design_1_axi_mem_intercon_imp_auto_us_1.v:53]
INFO: [Synth 8-3848] Net m_axi_rready in module/entity axi_dwidth_converter_v2_1_38_axi_upsizer does not have driver. [c:/Users/eziochen/Desktop/fpga_project/fpga/image/image.gen/sources_1/bd/design_1/ipshared/8ebb/hdl/axi_dwidth_converter_v2_1_vlsyn_rfs.v:7164]
INFO: [Synth 8-7129] Port ACLK in module axi_register_slice_v2_1_37_axic_register_slice__parameterized2 is either unconnected or has no load
INFO: [Synth 8-7129] Port ARESET in module axi_register_slice_v2_1_37_axic_register_slice__parameterized2 is either unconnected or has no load
INFO: [Synth 8-7129] Port m_axi_buser[0] in module axi_infrastructure_v1_1_0_vector2axi is either unconnected or has no load
INFO: [Synth 8-7129] Port m_axi_ruser[0] in module axi_infrastructure_v1_1_0_vector2axi is either unconnected or has no load
INFO: [Synth 8-7129] Port s_axi_awregion[3] in module axi_infrastructure_v1_1_0_axi2vector is either unconnected or has no load
INFO: [Synth 8-7129] Port s_axi_awregion[2] in module axi_infrastructure_v1_1_0_axi2vector is either unconnected or has no load
INFO: [Synth 8-7129] Port s_axi_awregion[1] in module axi_infrastructure_v1_1_0_axi2vector is either unconnected or has no load
INFO: [Synth 8-7129] Port s_axi_awregion[0] in module axi_infrastructure_v1_1_0_axi2vector is either unconnected or has no load
INFO: [Synth 8-7129] Port s_axi_awuser[0] in module axi_infrastructure_v1_1_0_axi2vector is either unconnected or has no load
INFO: [Synth 8-7129] Port s_axi_wuser[0] in module axi_infrastructure_v1_1_0_axi2vector is either unconnected or has no load
INFO: [Synth 8-7129] Port s_axi_arregion[3] in module axi_infrastructure_v1_1_0_axi2vector is either unconnected or has no load
INFO: [Synth 8-7129] Port s_axi_arregion[2] in module axi_infrastructure_v1_1_0_axi2vector is either unconnected or has no load
INFO: [Synth 8-7129] Port s_axi_arregion[1] in module axi_infrastructure_v1_1_0_axi2vector is either unconnected or has no load
INFO: [Synth 8-7129] Port s_axi_arregion[0] in module axi_infrastructure_v1_1_0_axi2vector is either unconnected or has no load
INFO: [Synth 8-7129] Port s_axi_aruser[0] in module axi_infrastructure_v1_1_0_axi2vector is either unconnected or has no load
INFO: [Synth 8-7129] Port aclk2x in module axi_register_slice_v2_1_37_axi_register_slice is either unconnected or has no load
INFO: [Synth 8-7129] Port cmd_id_ready in module axi_dwidth_converter_v2_1_38_a_upsizer is either unconnected or has no load
INFO: [Synth 8-7129] Port S_AXI_AID[0] in module axi_dwidth_converter_v2_1_38_a_upsizer is either unconnected or has no load
INFO: [Synth 8-7129] Port m_axi_rready in module axi_dwidth_converter_v2_1_38_axi_upsizer is either unconnected or has no load
INFO: [Synth 8-7129] Port s_axi_awlen[7] in module axi_dwidth_converter_v2_1_38_axi_upsizer is either unconnected or has no load
INFO: [Synth 8-7129] Port s_axi_awlen[6] in module axi_dwidth_converter_v2_1_38_axi_upsizer is either unconnected or has no load
INFO: [Synth 8-7129] Port s_axi_awlen[5] in module axi_dwidth_converter_v2_1_38_axi_upsizer is either unconnected or has no load
INFO: [Synth 8-7129] Port s_axi_awlen[4] in module axi_dwidth_converter_v2_1_38_axi_upsizer is either unconnected or has no load
INFO: [Synth 8-7129] Port s_axi_arlen[7] in module axi_dwidth_converter_v2_1_38_axi_upsizer is either unconnected or has no load
INFO: [Synth 8-7129] Port s_axi_arlen[6] in module axi_dwidth_converter_v2_1_38_axi_upsizer is either unconnected or has no load
INFO: [Synth 8-7129] Port s_axi_arlen[5] in module axi_dwidth_converter_v2_1_38_axi_upsizer is either unconnected or has no load
INFO: [Synth 8-7129] Port s_axi_arlen[4] in module axi_dwidth_converter_v2_1_38_axi_upsizer is either unconnected or has no load
INFO: [Synth 8-7129] Port s_axi_rready in module axi_dwidth_converter_v2_1_38_axi_upsizer is either unconnected or has no load
INFO: [Synth 8-7129] Port m_axi_aresetn in module axi_dwidth_converter_v2_1_38_axi_upsizer is either unconnected or has no load
INFO: [Synth 8-7129] Port m_axi_aclk in module axi_dwidth_converter_v2_1_38_axi_upsizer is either unconnected or has no load
INFO: [Synth 8-7129] Port m_axi_arready in module axi_dwidth_converter_v2_1_38_axi_upsizer is either unconnected or has no load
INFO: [Synth 8-7129] Port m_axi_rdata[63] in module axi_dwidth_converter_v2_1_38_axi_upsizer is either unconnected or has no load
INFO: [Synth 8-7129] Port m_axi_rdata[62] in module axi_dwidth_converter_v2_1_38_axi_upsizer is either unconnected or has no load
INFO: [Synth 8-7129] Port m_axi_rdata[61] in module axi_dwidth_converter_v2_1_38_axi_upsizer is either unconnected or has no load
INFO: [Synth 8-7129] Port m_axi_rdata[60] in module axi_dwidth_converter_v2_1_38_axi_upsizer is either unconnected or has no load
INFO: [Synth 8-7129] Port m_axi_rdata[59] in module axi_dwidth_converter_v2_1_38_axi_upsizer is either unconnected or has no load
INFO: [Synth 8-7129] Port m_axi_rdata[58] in module axi_dwidth_converter_v2_1_38_axi_upsizer is either unconnected or has no load
INFO: [Synth 8-7129] Port m_axi_rdata[57] in module axi_dwidth_converter_v2_1_38_axi_upsizer is either unconnected or has no load
INFO: [Synth 8-7129] Port m_axi_rdata[56] in module axi_dwidth_converter_v2_1_38_axi_upsizer is either unconnected or has no load
INFO: [Synth 8-7129] Port m_axi_rdata[55] in module axi_dwidth_converter_v2_1_38_axi_upsizer is either unconnected or has no load
INFO: [Synth 8-7129] Port m_axi_rdata[54] in module axi_dwidth_converter_v2_1_38_axi_upsizer is either unconnected or has no load
INFO: [Synth 8-7129] Port m_axi_rdata[53] in module axi_dwidth_converter_v2_1_38_axi_upsizer is either unconnected or has no load
INFO: [Synth 8-7129] Port m_axi_rdata[52] in module axi_dwidth_converter_v2_1_38_axi_upsizer is either unconnected or has no load
INFO: [Synth 8-7129] Port m_axi_rdata[51] in module axi_dwidth_converter_v2_1_38_axi_upsizer is either unconnected or has no load
INFO: [Synth 8-7129] Port m_axi_rdata[50] in module axi_dwidth_converter_v2_1_38_axi_upsizer is either unconnected or has no load
INFO: [Synth 8-7129] Port m_axi_rdata[49] in module axi_dwidth_converter_v2_1_38_axi_upsizer is either unconnected or has no load
INFO: [Synth 8-7129] Port m_axi_rdata[48] in module axi_dwidth_converter_v2_1_38_axi_upsizer is either unconnected or has no load
INFO: [Synth 8-7129] Port m_axi_rdata[47] in module axi_dwidth_converter_v2_1_38_axi_upsizer is either unconnected or has no load
INFO: [Synth 8-7129] Port m_axi_rdata[46] in module axi_dwidth_converter_v2_1_38_axi_upsizer is either unconnected or has no load
INFO: [Synth 8-7129] Port m_axi_rdata[45] in module axi_dwidth_converter_v2_1_38_axi_upsizer is either unconnected or has no load
INFO: [Synth 8-7129] Port m_axi_rdata[44] in module axi_dwidth_converter_v2_1_38_axi_upsizer is either unconnected or has no load
INFO: [Synth 8-7129] Port m_axi_rdata[43] in module axi_dwidth_converter_v2_1_38_axi_upsizer is either unconnected or has no load
INFO: [Synth 8-7129] Port m_axi_rdata[42] in module axi_dwidth_converter_v2_1_38_axi_upsizer is either unconnected or has no load
INFO: [Synth 8-7129] Port m_axi_rdata[41] in module axi_dwidth_converter_v2_1_38_axi_upsizer is either unconnected or has no load
INFO: [Synth 8-7129] Port m_axi_rdata[40] in module axi_dwidth_converter_v2_1_38_axi_upsizer is either unconnected or has no load
INFO: [Synth 8-7129] Port m_axi_rdata[39] in module axi_dwidth_converter_v2_1_38_axi_upsizer is either unconnected or has no load
INFO: [Synth 8-7129] Port m_axi_rdata[38] in module axi_dwidth_converter_v2_1_38_axi_upsizer is either unconnected or has no load
INFO: [Synth 8-7129] Port m_axi_rdata[37] in module axi_dwidth_converter_v2_1_38_axi_upsizer is either unconnected or has no load
INFO: [Synth 8-7129] Port m_axi_rdata[36] in module axi_dwidth_converter_v2_1_38_axi_upsizer is either unconnected or has no load
INFO: [Synth 8-7129] Port m_axi_rdata[35] in module axi_dwidth_converter_v2_1_38_axi_upsizer is either unconnected or has no load
INFO: [Synth 8-7129] Port m_axi_rdata[34] in module axi_dwidth_converter_v2_1_38_axi_upsizer is either unconnected or has no load
INFO: [Synth 8-7129] Port m_axi_rdata[33] in module axi_dwidth_converter_v2_1_38_axi_upsizer is either unconnected or has no load
INFO: [Synth 8-7129] Port m_axi_rdata[32] in module axi_dwidth_converter_v2_1_38_axi_upsizer is either unconnected or has no load
INFO: [Synth 8-7129] Port m_axi_rdata[31] in module axi_dwidth_converter_v2_1_38_axi_upsizer is either unconnected or has no load
INFO: [Synth 8-7129] Port m_axi_rdata[30] in module axi_dwidth_converter_v2_1_38_axi_upsizer is either unconnected or has no load
INFO: [Synth 8-7129] Port m_axi_rdata[29] in module axi_dwidth_converter_v2_1_38_axi_upsizer is either unconnected or has no load
INFO: [Synth 8-7129] Port m_axi_rdata[28] in module axi_dwidth_converter_v2_1_38_axi_upsizer is either unconnected or has no load
INFO: [Synth 8-7129] Port m_axi_rdata[27] in module axi_dwidth_converter_v2_1_38_axi_upsizer is either unconnected or has no load
INFO: [Synth 8-7129] Port m_axi_rdata[26] in module axi_dwidth_converter_v2_1_38_axi_upsizer is either unconnected or has no load
INFO: [Synth 8-7129] Port m_axi_rdata[25] in module axi_dwidth_converter_v2_1_38_axi_upsizer is either unconnected or has no load
INFO: [Synth 8-7129] Port m_axi_rdata[24] in module axi_dwidth_converter_v2_1_38_axi_upsizer is either unconnected or has no load
INFO: [Synth 8-7129] Port m_axi_rdata[23] in module axi_dwidth_converter_v2_1_38_axi_upsizer is either unconnected or has no load
INFO: [Synth 8-7129] Port m_axi_rdata[22] in module axi_dwidth_converter_v2_1_38_axi_upsizer is either unconnected or has no load
INFO: [Synth 8-7129] Port m_axi_rdata[21] in module axi_dwidth_converter_v2_1_38_axi_upsizer is either unconnected or has no load
INFO: [Synth 8-7129] Port m_axi_rdata[20] in module axi_dwidth_converter_v2_1_38_axi_upsizer is either unconnected or has no load
INFO: [Synth 8-7129] Port m_axi_rdata[19] in module axi_dwidth_converter_v2_1_38_axi_upsizer is either unconnected or has no load
INFO: [Synth 8-7129] Port m_axi_rdata[18] in module axi_dwidth_converter_v2_1_38_axi_upsizer is either unconnected or has no load
INFO: [Synth 8-7129] Port m_axi_rdata[17] in module axi_dwidth_converter_v2_1_38_axi_upsizer is either unconnected or has no load
INFO: [Synth 8-7129] Port m_axi_rdata[16] in module axi_dwidth_converter_v2_1_38_axi_upsizer is either unconnected or has no load
INFO: [Synth 8-7129] Port m_axi_rdata[15] in module axi_dwidth_converter_v2_1_38_axi_upsizer is either unconnected or has no load
INFO: [Synth 8-7129] Port m_axi_rdata[14] in module axi_dwidth_converter_v2_1_38_axi_upsizer is either unconnected or has no load
INFO: [Synth 8-7129] Port m_axi_rdata[13] in module axi_dwidth_converter_v2_1_38_axi_upsizer is either unconnected or has no load
INFO: [Synth 8-7129] Port m_axi_rdata[12] in module axi_dwidth_converter_v2_1_38_axi_upsizer is either unconnected or has no load
INFO: [Synth 8-7129] Port m_axi_rdata[11] in module axi_dwidth_converter_v2_1_38_axi_upsizer is either unconnected or has no load
INFO: [Synth 8-7129] Port m_axi_rdata[10] in module axi_dwidth_converter_v2_1_38_axi_upsizer is either unconnected or has no load
INFO: [Synth 8-7129] Port m_axi_rdata[9] in module axi_dwidth_converter_v2_1_38_axi_upsizer is either unconnected or has no load
INFO: [Synth 8-7129] Port m_axi_rdata[8] in module axi_dwidth_converter_v2_1_38_axi_upsizer is either unconnected or has no load
INFO: [Synth 8-7129] Port m_axi_rdata[7] in module axi_dwidth_converter_v2_1_38_axi_upsizer is either unconnected or has no load
INFO: [Synth 8-7129] Port m_axi_rdata[6] in module axi_dwidth_converter_v2_1_38_axi_upsizer is either unconnected or has no load
INFO: [Synth 8-7129] Port m_axi_rdata[5] in module axi_dwidth_converter_v2_1_38_axi_upsizer is either unconnected or has no load
INFO: [Synth 8-7129] Port m_axi_rdata[4] in module axi_dwidth_converter_v2_1_38_axi_upsizer is either unconnected or has no load
INFO: [Synth 8-7129] Port m_axi_rdata[3] in module axi_dwidth_converter_v2_1_38_axi_upsizer is either unconnected or has no load
INFO: [Synth 8-7129] Port m_axi_rdata[2] in module axi_dwidth_converter_v2_1_38_axi_upsizer is either unconnected or has no load
INFO: [Synth 8-7129] Port m_axi_rdata[1] in module axi_dwidth_converter_v2_1_38_axi_upsizer is either unconnected or has no load
INFO: [Synth 8-7129] Port m_axi_rdata[0] in module axi_dwidth_converter_v2_1_38_axi_upsizer is either unconnected or has no load
INFO: [Synth 8-7129] Port m_axi_rresp[1] in module axi_dwidth_converter_v2_1_38_axi_upsizer is either unconnected or has no load
INFO: [Synth 8-7129] Port m_axi_rresp[0] in module axi_dwidth_converter_v2_1_38_axi_upsizer is either unconnected or has no load
INFO: [Synth 8-7129] Port m_axi_rlast in module axi_dwidth_converter_v2_1_38_axi_upsizer is either unconnected or has no load
INFO: [Synth 8-7129] Port m_axi_rvalid in module axi_dwidth_converter_v2_1_38_axi_upsizer is either unconnected or has no load
INFO: [Synth 8-7129] Port s_axi_awregion[3] in module axi_dwidth_converter_v2_1_38_top is either unconnected or has no load
INFO: [Common 17-14] Message 'Synth 8-7129' appears 100 times and further instances of the messages will be disabled. Use the Tcl command set_msg_config to change the current settings.
---------------------------------------------------------------------------------
Finished RTL Elaboration : Time (s): cpu = 00:00:10 ; elapsed = 00:00:12 . Memory (MB): peak = 1698.344 ; gain = 847.555
---------------------------------------------------------------------------------
---------------------------------------------------------------------------------
Start Handling Custom Attributes
---------------------------------------------------------------------------------
---------------------------------------------------------------------------------
Finished Handling Custom Attributes : Time (s): cpu = 00:00:11 ; elapsed = 00:00:12 . Memory (MB): peak = 1698.344 ; gain = 847.555
---------------------------------------------------------------------------------
---------------------------------------------------------------------------------
Finished RTL Optimization Phase 1 : Time (s): cpu = 00:00:11 ; elapsed = 00:00:12 . Memory (MB): peak = 1698.344 ; gain = 847.555
---------------------------------------------------------------------------------
Netlist sorting complete. Time (s): cpu = 00:00:00 ; elapsed = 00:00:00.009 . Memory (MB): peak = 1698.344 ; gain = 0.000
INFO: [Project 1-570] Preparing netlist for logic optimization

Processing XDC Constraints
Initializing timing engine
Parsing XDC File [c:/Users/eziochen/Desktop/fpga_project/fpga/image/image.gen/sources_1/bd/design_1/ip/design_1_axi_mem_intercon_imp_auto_us_1/design_1_axi_mem_intercon_imp_auto_us_1_ooc.xdc] for cell 'inst'
Finished Parsing XDC File [c:/Users/eziochen/Desktop/fpga_project/fpga/image/image.gen/sources_1/bd/design_1/ip/design_1_axi_mem_intercon_imp_auto_us_1/design_1_axi_mem_intercon_imp_auto_us_1_ooc.xdc] for cell 'inst'
Parsing XDC File [C:/Users/eziochen/Desktop/fpga_project/fpga/image/image.runs/design_1_axi_mem_intercon_imp_auto_us_1_synth_1/dont_touch.xdc]
Finished Parsing XDC File [C:/Users/eziochen/Desktop/fpga_project/fpga/image/image.runs/design_1_axi_mem_intercon_imp_auto_us_1_synth_1/dont_touch.xdc]
Completed Processing XDC Constraints

Netlist sorting complete. Time (s): cpu = 00:00:00 ; elapsed = 00:00:00 . Memory (MB): peak = 1698.344 ; gain = 0.000
INFO: [Project 1-111] Unisim Transformation Summary:
No Unisim elements were transformed.

Constraint Validation Runtime : Time (s): cpu = 00:00:00 ; elapsed = 00:00:00.044 . Memory (MB): peak = 1698.344 ; gain = 0.000
INFO: [Designutils 20-5008] Incremental synthesis strategy off

*** Running vivado
    with args -log design_1_axi_mem_intercon_imp_auto_us_1.vds -m64 -product Vivado -mode batch -messageDb vivado.pb -notrace -source design_1_axi_mem_intercon_imp_auto_us_1.tcl


INFO: [Common 17-3922] A valid Vivado Design Suite BASIC license has been detected. Your current license is active and will expire on 27-sep-2027.
#-----------------------------------------------------------
# Vivado v2026.1 (64-bit)
# SW Build 6511674 on Tue Jun 16 11:02:23 MDT 2026
# IP Build 6504888 on Tue Jun 09 09:05:25 MDT 2026
# SharedData Build 6501428 on Mon Jun 08 17:34:18 MDT 2026
# Start of session at: Sat Oct  3 13:03:43 2026
# Process ID         : 13816
# Current directory  : C:/Users/eziochen/Desktop/fpga_project/fpga/image/image.runs/design_1_axi_mem_intercon_imp_auto_us_1_synth_1
# Command line       : vivado.exe -log design_1_axi_mem_intercon_imp_auto_us_1.vds -product Vivado -mode batch -messageDb vivado.pb -notrace -source design_1_axi_mem_intercon_imp_auto_us_1.tcl
# Log file           : C:/Users/eziochen/Desktop/fpga_project/fpga/image/image.runs/design_1_axi_mem_intercon_imp_auto_us_1_synth_1/design_1_axi_mem_intercon_imp_auto_us_1.vds
# Journal file       : C:/Users/eziochen/Desktop/fpga_project/fpga/image/image.runs/design_1_axi_mem_intercon_imp_auto_us_1_synth_1\vivado.jou
# Running On         : MSI
# Platform           : Windows 11
# Operating System   : 26200
# Processor Detail   : 13th Gen Intel(R) Core(TM) i9-13980HX
# CPU Frequency      : 2419 MHz
# CPU Physical cores : 24
# CPU Logical cores  : 32
# Host memory        : 34117 MB
# Swap memory        : 9663 MB
# Total Virtual      : 43781 MB
# Available Virtual  : 16507 MB
#-----------------------------------------------------------

****** Vivado v2026.1 (64-bit)
  **** SW Build 6511674 on Tue Jun 16 11:02:23 MDT 2026
  **** IP Build 6504888 on Tue Jun 09 09:05:25 MDT 2026
  **** SharedData Build 6501428 on Mon Jun 08 17:34:18 MDT 2026
  **** Start of session at: Sat Oct  3 13:03:43 2026
    ** Copyright 1986-2022 Xilinx, Inc. All Rights Reserved.
    ** Copyright 2022-2026 Advanced Micro Devices, Inc. All Rights Reserved.

source design_1_axi_mem_intercon_imp_auto_us_1.tcl -notrace
create_project: Time (s): cpu = 00:00:11 ; elapsed = 00:00:08 . Memory (MB): peak = 605.055 ; gain = 266.871
Command: synth_design -top design_1_axi_mem_intercon_imp_auto_us_1 -part xc7z020clg400-1 -incremental_mode off -mode out_of_context
Starting synth_design
Attempting to get a license for feature 'Vivado_Synthesis' and/or device 'xc7z020'
INFO: [Common 17-349] Got license for feature 'Vivado_Synthesis' and/or device 'xc7z020'
INFO: [Device 21-403] Loading part xc7z020clg400-1
INFO: [Designutils 20-5008] Incremental synthesis strategy off
INFO: [Synth 8-7079] Multithreading enabled for synth_design using a maximum of 2 processes.
INFO: [Synth 8-7078] Launching helper process for spawning children vivado processes
INFO: [Synth 8-7075] Helper process launched with PID 27180
---------------------------------------------------------------------------------
Starting RTL Elaboration : Time (s): cpu = 00:00:06 ; elapsed = 00:00:06 . Memory (MB): peak = 1428.082 ; gain = 576.305
---------------------------------------------------------------------------------

*** Running vivado
    with args -log design_1_axi_mem_intercon_imp_auto_us_1.vds -m64 -product Vivado -mode batch -messageDb vivado.pb -notrace -source design_1_axi_mem_intercon_imp_auto_us_1.tcl


INFO: [Common 17-3922] A valid Vivado Design Suite BASIC license has been detected. Your current license is active and will expire on 27-sep-2027.
#-----------------------------------------------------------
# Vivado v2026.1 (64-bit)
# SW Build 6511674 on Tue Jun 16 11:02:23 MDT 2026
# IP Build 6504888 on Tue Jun 09 09:05:25 MDT 2026
# SharedData Build 6501428 on Mon Jun 08 17:34:18 MDT 2026
# Start of session at: Sat Oct  3 13:04:19 2026
# Process ID         : 36932
# Current directory  : C:/Users/eziochen/Desktop/fpga_project/fpga/image/image.runs/design_1_axi_mem_intercon_imp_auto_us_1_synth_1
# Command line       : vivado.exe -log design_1_axi_mem_intercon_imp_auto_us_1.vds -product Vivado -mode batch -messageDb vivado.pb -notrace -source design_1_axi_mem_intercon_imp_auto_us_1.tcl
# Log file           : C:/Users/eziochen/Desktop/fpga_project/fpga/image/image.runs/design_1_axi_mem_intercon_imp_auto_us_1_synth_1/design_1_axi_mem_intercon_imp_auto_us_1.vds
# Journal file       : C:/Users/eziochen/Desktop/fpga_project/fpga/image/image.runs/design_1_axi_mem_intercon_imp_auto_us_1_synth_1\vivado.jou
# Running On         : MSI
# Platform           : Windows 11
# Operating System   : 26200
# Processor Detail   : 13th Gen Intel(R) Core(TM) i9-13980HX
# CPU Frequency      : 2419 MHz
# CPU Physical cores : 24
# CPU Logical cores  : 32
# Host memory        : 34117 MB
# Swap memory        : 9663 MB
# Total Virtual      : 43781 MB
# Available Virtual  : 15292 MB
#-----------------------------------------------------------

****** Vivado v2026.1 (64-bit)
  **** SW Build 6511674 on Tue Jun 16 11:02:23 MDT 2026
  **** IP Build 6504888 on Tue Jun 09 09:05:25 MDT 2026
  **** SharedData Build 6501428 on Mon Jun 08 17:34:18 MDT 2026
  **** Start of session at: Sat Oct  3 13:04:19 2026
    ** Copyright 1986-2022 Xilinx, Inc. All Rights Reserved.
    ** Copyright 2022-2026 Advanced Micro Devices, Inc. All Rights Reserved.

source design_1_axi_mem_intercon_imp_auto_us_1.tcl -notrace
create_project: Time (s): cpu = 00:00:13 ; elapsed = 00:00:11 . Memory (MB): peak = 603.512 ; gain = 267.242
Command: synth_design -top design_1_axi_mem_intercon_imp_auto_us_1 -part xc7z020clg400-1 -incremental_mode off -mode out_of_context
Starting synth_design
Attempting to get a license for feature 'Vivado_Synthesis' and/or device 'xc7z020'
INFO: [Common 17-349] Got license for feature 'Vivado_Synthesis' and/or device 'xc7z020'
INFO: [Device 21-403] Loading part xc7z020clg400-1
INFO: [Designutils 20-5008] Incremental synthesis strategy off
INFO: [Synth 8-7079] Multithreading enabled for synth_design using a maximum of 2 processes.
INFO: [Synth 8-7078] Launching helper process for spawning children vivado processes
INFO: [Synth 8-7075] Helper process launched with PID 37292
---------------------------------------------------------------------------------
Starting RTL Elaboration : Time (s): cpu = 00:00:09 ; elapsed = 00:00:10 . Memory (MB): peak = 1425.590 ; gain = 577.090
---------------------------------------------------------------------------------
INFO: [Synth 8-6157] synthesizing module 'design_1_axi_mem_intercon_imp_auto_us_1' [c:/Users/eziochen/Desktop/fpga_project/fpga/image/image.gen/sources_1/bd/design_1/ip/design_1_axi_mem_intercon_imp_auto_us_1/synth/design_1_axi_mem_intercon_imp_auto_us_1.v:53]
INFO: [Synth 8-6157] synthesizing module 'axi_dwidth_converter_v2_1_38_top' [c:/Users/eziochen/Desktop/fpga_project/fpga/image/image.gen/sources_1/bd/design_1/ipshared/8ebb/hdl/axi_dwidth_converter_v2_1_vlsyn_rfs.v:14527]
INFO: [Synth 8-6157] synthesizing module 'axi_dwidth_converter_v2_1_38_axi_upsizer' [c:/Users/eziochen/Desktop/fpga_project/fpga/image/image.gen/sources_1/bd/design_1/ipshared/8ebb/hdl/axi_dwidth_converter_v2_1_vlsyn_rfs.v:7025]
INFO: [Synth 8-6157] synthesizing module 'axi_dwidth_converter_v2_1_38_w_upsizer' [c:/Users/eziochen/Desktop/fpga_project/fpga/image/image.gen/sources_1/bd/design_1/ipshared/8ebb/hdl/axi_dwidth_converter_v2_1_vlsyn_rfs.v:5552]
INFO: [Synth 8-6155] done synthesizing module 'axi_dwidth_converter_v2_1_38_w_upsizer' (0#1) [c:/Users/eziochen/Desktop/fpga_project/fpga/image/image.gen/sources_1/bd/design_1/ipshared/8ebb/hdl/axi_dwidth_converter_v2_1_vlsyn_rfs.v:5552]
INFO: [Synth 8-6157] synthesizing module 'axi_dwidth_converter_v2_1_38_a_upsizer' [c:/Users/eziochen/Desktop/fpga_project/fpga/image/image.gen/sources_1/bd/design_1/ipshared/8ebb/hdl/axi_dwidth_converter_v2_1_vlsyn_rfs.v:3594]
INFO: [Synth 8-6157] synthesizing module 'generic_baseblocks_v2_1_2_command_fifo' [c:/Users/eziochen/Desktop/fpga_project/fpga/image/image.gen/sources_1/bd/design_1/ipshared/0c28/hdl/generic_baseblocks_v2_1_rfs.v:648]
INFO: [Synth 8-6155] done synthesizing module 'generic_baseblocks_v2_1_2_command_fifo' (0#1) [c:/Users/eziochen/Desktop/fpga_project/fpga/image/image.gen/sources_1/bd/design_1/ipshared/0c28/hdl/generic_baseblocks_v2_1_rfs.v:648]
INFO: [Synth 8-6155] done synthesizing module 'axi_dwidth_converter_v2_1_38_a_upsizer' (0#1) [c:/Users/eziochen/Desktop/fpga_project/fpga/image/image.gen/sources_1/bd/design_1/ipshared/8ebb/hdl/axi_dwidth_converter_v2_1_vlsyn_rfs.v:3594]
INFO: [Synth 8-6157] synthesizing module 'axi_register_slice_v2_1_37_axi_register_slice' [c:/Users/eziochen/Desktop/fpga_project/fpga/image/image.gen/sources_1/bd/design_1/ipshared/8c55/hdl/axi_register_slice_v2_1_rfs.v:3721]
INFO: [Synth 8-6157] synthesizing module 'axi_infrastructure_v1_1_0_axi2vector' [c:/Users/eziochen/Desktop/fpga_project/fpga/image/image.gen/sources_1/bd/design_1/ipshared/ec67/hdl/axi_infrastructure_v1_1_vl_rfs.v:59]
INFO: [Synth 8-6155] done synthesizing module 'axi_infrastructure_v1_1_0_axi2vector' (0#1) [c:/Users/eziochen/Desktop/fpga_project/fpga/image/image.gen/sources_1/bd/design_1/ipshared/ec67/hdl/axi_infrastructure_v1_1_vl_rfs.v:59]
INFO: [Synth 8-6157] synthesizing module 'axi_infrastructure_v1_1_0_vector2axi' [c:/Users/eziochen/Desktop/fpga_project/fpga/image/image.gen/sources_1/bd/design_1/ipshared/ec67/hdl/axi_infrastructure_v1_1_vl_rfs.v:473]
INFO: [Synth 8-6155] done synthesizing module 'axi_infrastructure_v1_1_0_vector2axi' (0#1) [c:/Users/eziochen/Desktop/fpga_project/fpga/image/image.gen/sources_1/bd/design_1/ipshared/ec67/hdl/axi_infrastructure_v1_1_vl_rfs.v:473]
INFO: [Synth 8-6157] synthesizing module 'axi_register_slice_v2_1_37_axic_register_slice' [c:/Users/eziochen/Desktop/fpga_project/fpga/image/image.gen/sources_1/bd/design_1/ipshared/8c55/hdl/axi_register_slice_v2_1_rfs.v:1492]
INFO: [Synth 8-6155] done synthesizing module 'axi_register_slice_v2_1_37_axic_register_slice' (0#1) [c:/Users/eziochen/Desktop/fpga_project/fpga/image/image.gen/sources_1/bd/design_1/ipshared/8c55/hdl/axi_register_slice_v2_1_rfs.v:1492]
INFO: [Synth 8-6157] synthesizing module 'axi_register_slice_v2_1_37_axic_register_slice__parameterized0' [c:/Users/eziochen/Desktop/fpga_project/fpga/image/image.gen/sources_1/bd/design_1/ipshared/8c55/hdl/axi_register_slice_v2_1_rfs.v:1492]
INFO: [Synth 8-6155] done synthesizing module 'axi_register_slice_v2_1_37_axic_register_slice__parameterized0' (0#1) [c:/Users/eziochen/Desktop/fpga_project/fpga/image/image.gen/sources_1/bd/design_1/ipshared/8c55/hdl/axi_register_slice_v2_1_rfs.v:1492]
INFO: [Synth 8-6157] synthesizing module 'axi_register_slice_v2_1_37_axic_register_slice__parameterized1' [c:/Users/eziochen/Desktop/fpga_project/fpga/image/image.gen/sources_1/bd/design_1/ipshared/8c55/hdl/axi_register_slice_v2_1_rfs.v:1492]
INFO: [Synth 8-6155] done synthesizing module 'axi_register_slice_v2_1_37_axic_register_slice__parameterized1' (0#1) [c:/Users/eziochen/Desktop/fpga_project/fpga/image/image.gen/sources_1/bd/design_1/ipshared/8c55/hdl/axi_register_slice_v2_1_rfs.v:1492]
INFO: [Synth 8-6157] synthesizing module 'axi_register_slice_v2_1_37_axic_register_slice__parameterized2' [c:/Users/eziochen/Desktop/fpga_project/fpga/image/image.gen/sources_1/bd/design_1/ipshared/8c55/hdl/axi_register_slice_v2_1_rfs.v:1492]
INFO: [Synth 8-6155] done synthesizing module 'axi_register_slice_v2_1_37_axic_register_slice__parameterized2' (0#1) [c:/Users/eziochen/Desktop/fpga_project/fpga/image/image.gen/sources_1/bd/design_1/ipshared/8c55/hdl/axi_register_slice_v2_1_rfs.v:1492]
INFO: [Synth 8-6157] synthesizing module 'axi_register_slice_v2_1_37_axic_register_slice__parameterized3' [c:/Users/eziochen/Desktop/fpga_project/fpga/image/image.gen/sources_1/bd/design_1/ipshared/8c55/hdl/axi_register_slice_v2_1_rfs.v:1492]
INFO: [Synth 8-6155] done synthesizing module 'axi_register_slice_v2_1_37_axic_register_slice__parameterized3' (0#1) [c:/Users/eziochen/Desktop/fpga_project/fpga/image/image.gen/sources_1/bd/design_1/ipshared/8c55/hdl/axi_register_slice_v2_1_rfs.v:1492]
INFO: [Synth 8-6155] done synthesizing module 'axi_register_slice_v2_1_37_axi_register_slice' (0#1) [c:/Users/eziochen/Desktop/fpga_project/fpga/image/image.gen/sources_1/bd/design_1/ipshared/8c55/hdl/axi_register_slice_v2_1_rfs.v:3721]
INFO: [Synth 8-7071] port 'aclk2x' of module 'axi_register_slice_v2_1_37_axi_register_slice' is unconnected for instance 'si_register_slice_inst' [c:/Users/eziochen/Desktop/fpga_project/fpga/image/image.gen/sources_1/bd/design_1/ipshared/8ebb/hdl/axi_dwidth_converter_v2_1_vlsyn_rfs.v:7367]
INFO: [Synth 8-7023] instance 'si_register_slice_inst' of module 'axi_register_slice_v2_1_37_axi_register_slice' has 93 connections declared, but only 92 given [c:/Users/eziochen/Desktop/fpga_project/fpga/image/image.gen/sources_1/bd/design_1/ipshared/8ebb/hdl/axi_dwidth_converter_v2_1_vlsyn_rfs.v:7367]
INFO: [Synth 8-6155] done synthesizing module 'axi_dwidth_converter_v2_1_38_axi_upsizer' (0#1) [c:/Users/eziochen/Desktop/fpga_project/fpga/image/image.gen/sources_1/bd/design_1/ipshared/8ebb/hdl/axi_dwidth_converter_v2_1_vlsyn_rfs.v:7025]
INFO: [Synth 8-6155] done synthesizing module 'axi_dwidth_converter_v2_1_38_top' (0#1) [c:/Users/eziochen/Desktop/fpga_project/fpga/image/image.gen/sources_1/bd/design_1/ipshared/8ebb/hdl/axi_dwidth_converter_v2_1_vlsyn_rfs.v:14527]
INFO: [Synth 8-6155] done synthesizing module 'design_1_axi_mem_intercon_imp_auto_us_1' (0#1) [c:/Users/eziochen/Desktop/fpga_project/fpga/image/image.gen/sources_1/bd/design_1/ip/design_1_axi_mem_intercon_imp_auto_us_1/synth/design_1_axi_mem_intercon_imp_auto_us_1.v:53]
INFO: [Synth 8-3848] Net m_axi_rready in module/entity axi_dwidth_converter_v2_1_38_axi_upsizer does not have driver. [c:/Users/eziochen/Desktop/fpga_project/fpga/image/image.gen/sources_1/bd/design_1/ipshared/8ebb/hdl/axi_dwidth_converter_v2_1_vlsyn_rfs.v:7164]
INFO: [Synth 8-7129] Port ACLK in module axi_register_slice_v2_1_37_axic_register_slice__parameterized2 is either unconnected or has no load
INFO: [Synth 8-7129] Port ARESET in module axi_register_slice_v2_1_37_axic_register_slice__parameterized2 is either unconnected or has no load
INFO: [Synth 8-7129] Port m_axi_buser[0] in module axi_infrastructure_v1_1_0_vector2axi is either unconnected or has no load
INFO: [Synth 8-7129] Port m_axi_ruser[0] in module axi_infrastructure_v1_1_0_vector2axi is either unconnected or has no load
INFO: [Synth 8-7129] Port s_axi_awregion[3] in module axi_infrastructure_v1_1_0_axi2vector is either unconnected or has no load
INFO: [Synth 8-7129] Port s_axi_awregion[2] in module axi_infrastructure_v1_1_0_axi2vector is either unconnected or has no load
INFO: [Synth 8-7129] Port s_axi_awregion[1] in module axi_infrastructure_v1_1_0_axi2vector is either unconnected or has no load
INFO: [Synth 8-7129] Port s_axi_awregion[0] in module axi_infrastructure_v1_1_0_axi2vector is either unconnected or has no load
INFO: [Synth 8-7129] Port s_axi_awuser[0] in module axi_infrastructure_v1_1_0_axi2vector is either unconnected or has no load
INFO: [Synth 8-7129] Port s_axi_wuser[0] in module axi_infrastructure_v1_1_0_axi2vector is either unconnected or has no load
INFO: [Synth 8-7129] Port s_axi_arregion[3] in module axi_infrastructure_v1_1_0_axi2vector is either unconnected or has no load
INFO: [Synth 8-7129] Port s_axi_arregion[2] in module axi_infrastructure_v1_1_0_axi2vector is either unconnected or has no load
INFO: [Synth 8-7129] Port s_axi_arregion[1] in module axi_infrastructure_v1_1_0_axi2vector is either unconnected or has no load
INFO: [Synth 8-7129] Port s_axi_arregion[0] in module axi_infrastructure_v1_1_0_axi2vector is either unconnected or has no load
INFO: [Synth 8-7129] Port s_axi_aruser[0] in module axi_infrastructure_v1_1_0_axi2vector is either unconnected or has no load
INFO: [Synth 8-7129] Port aclk2x in module axi_register_slice_v2_1_37_axi_register_slice is either unconnected or has no load
INFO: [Synth 8-7129] Port cmd_id_ready in module axi_dwidth_converter_v2_1_38_a_upsizer is either unconnected or has no load
INFO: [Synth 8-7129] Port S_AXI_AID[0] in module axi_dwidth_converter_v2_1_38_a_upsizer is either unconnected or has no load
INFO: [Synth 8-7129] Port m_axi_rready in module axi_dwidth_converter_v2_1_38_axi_upsizer is either unconnected or has no load
INFO: [Synth 8-7129] Port s_axi_awlen[7] in module axi_dwidth_converter_v2_1_38_axi_upsizer is either unconnected or has no load
INFO: [Synth 8-7129] Port s_axi_awlen[6] in module axi_dwidth_converter_v2_1_38_axi_upsizer is either unconnected or has no load
INFO: [Synth 8-7129] Port s_axi_awlen[5] in module axi_dwidth_converter_v2_1_38_axi_upsizer is either unconnected or has no load
INFO: [Synth 8-7129] Port s_axi_awlen[4] in module axi_dwidth_converter_v2_1_38_axi_upsizer is either unconnected or has no load
INFO: [Synth 8-7129] Port s_axi_arlen[7] in module axi_dwidth_converter_v2_1_38_axi_upsizer is either unconnected or has no load
INFO: [Synth 8-7129] Port s_axi_arlen[6] in module axi_dwidth_converter_v2_1_38_axi_upsizer is either unconnected or has no load
INFO: [Synth 8-7129] Port s_axi_arlen[5] in module axi_dwidth_converter_v2_1_38_axi_upsizer is either unconnected or has no load
INFO: [Synth 8-7129] Port s_axi_arlen[4] in module axi_dwidth_converter_v2_1_38_axi_upsizer is either unconnected or has no load
INFO: [Synth 8-7129] Port s_axi_rready in module axi_dwidth_converter_v2_1_38_axi_upsizer is either unconnected or has no load
INFO: [Synth 8-7129] Port m_axi_aresetn in module axi_dwidth_converter_v2_1_38_axi_upsizer is either unconnected or has no load
INFO: [Synth 8-7129] Port m_axi_aclk in module axi_dwidth_converter_v2_1_38_axi_upsizer is either unconnected or has no load
INFO: [Synth 8-7129] Port m_axi_arready in module axi_dwidth_converter_v2_1_38_axi_upsizer is either unconnected or has no load
INFO: [Synth 8-7129] Port m_axi_rdata[63] in module axi_dwidth_converter_v2_1_38_axi_upsizer is either unconnected or has no load
INFO: [Synth 8-7129] Port m_axi_rdata[62] in module axi_dwidth_converter_v2_1_38_axi_upsizer is either unconnected or has no load
INFO: [Synth 8-7129] Port m_axi_rdata[61] in module axi_dwidth_converter_v2_1_38_axi_upsizer is either unconnected or has no load
INFO: [Synth 8-7129] Port m_axi_rdata[60] in module axi_dwidth_converter_v2_1_38_axi_upsizer is either unconnected or has no load
INFO: [Synth 8-7129] Port m_axi_rdata[59] in module axi_dwidth_converter_v2_1_38_axi_upsizer is either unconnected or has no load
INFO: [Synth 8-7129] Port m_axi_rdata[58] in module axi_dwidth_converter_v2_1_38_axi_upsizer is either unconnected or has no load
INFO: [Synth 8-7129] Port m_axi_rdata[57] in module axi_dwidth_converter_v2_1_38_axi_upsizer is either unconnected or has no load
INFO: [Synth 8-7129] Port m_axi_rdata[56] in module axi_dwidth_converter_v2_1_38_axi_upsizer is either unconnected or has no load
INFO: [Synth 8-7129] Port m_axi_rdata[55] in module axi_dwidth_converter_v2_1_38_axi_upsizer is either unconnected or has no load
INFO: [Synth 8-7129] Port m_axi_rdata[54] in module axi_dwidth_converter_v2_1_38_axi_upsizer is either unconnected or has no load
INFO: [Synth 8-7129] Port m_axi_rdata[53] in module axi_dwidth_converter_v2_1_38_axi_upsizer is either unconnected or has no load
INFO: [Synth 8-7129] Port m_axi_rdata[52] in module axi_dwidth_converter_v2_1_38_axi_upsizer is either unconnected or has no load
INFO: [Synth 8-7129] Port m_axi_rdata[51] in module axi_dwidth_converter_v2_1_38_axi_upsizer is either unconnected or has no load
INFO: [Synth 8-7129] Port m_axi_rdata[50] in module axi_dwidth_converter_v2_1_38_axi_upsizer is either unconnected or has no load
INFO: [Synth 8-7129] Port m_axi_rdata[49] in module axi_dwidth_converter_v2_1_38_axi_upsizer is either unconnected or has no load
INFO: [Synth 8-7129] Port m_axi_rdata[48] in module axi_dwidth_converter_v2_1_38_axi_upsizer is either unconnected or has no load
INFO: [Synth 8-7129] Port m_axi_rdata[47] in module axi_dwidth_converter_v2_1_38_axi_upsizer is either unconnected or has no load
INFO: [Synth 8-7129] Port m_axi_rdata[46] in module axi_dwidth_converter_v2_1_38_axi_upsizer is either unconnected or has no load
INFO: [Synth 8-7129] Port m_axi_rdata[45] in module axi_dwidth_converter_v2_1_38_axi_upsizer is either unconnected or has no load
INFO: [Synth 8-7129] Port m_axi_rdata[44] in module axi_dwidth_converter_v2_1_38_axi_upsizer is either unconnected or has no load
INFO: [Synth 8-7129] Port m_axi_rdata[43] in module axi_dwidth_converter_v2_1_38_axi_upsizer is either unconnected or has no load
INFO: [Synth 8-7129] Port m_axi_rdata[42] in module axi_dwidth_converter_v2_1_38_axi_upsizer is either unconnected or has no load
INFO: [Synth 8-7129] Port m_axi_rdata[41] in module axi_dwidth_converter_v2_1_38_axi_upsizer is either unconnected or has no load
INFO: [Synth 8-7129] Port m_axi_rdata[40] in module axi_dwidth_converter_v2_1_38_axi_upsizer is either unconnected or has no load
INFO: [Synth 8-7129] Port m_axi_rdata[39] in module axi_dwidth_converter_v2_1_38_axi_upsizer is either unconnected or has no load
INFO: [Synth 8-7129] Port m_axi_rdata[38] in module axi_dwidth_converter_v2_1_38_axi_upsizer is either unconnected or has no load
INFO: [Synth 8-7129] Port m_axi_rdata[37] in module axi_dwidth_converter_v2_1_38_axi_upsizer is either unconnected or has no load
INFO: [Synth 8-7129] Port m_axi_rdata[36] in module axi_dwidth_converter_v2_1_38_axi_upsizer is either unconnected or has no load
INFO: [Synth 8-7129] Port m_axi_rdata[35] in module axi_dwidth_converter_v2_1_38_axi_upsizer is either unconnected or has no load
INFO: [Synth 8-7129] Port m_axi_rdata[34] in module axi_dwidth_converter_v2_1_38_axi_upsizer is either unconnected or has no load
INFO: [Synth 8-7129] Port m_axi_rdata[33] in module axi_dwidth_converter_v2_1_38_axi_upsizer is either unconnected or has no load
INFO: [Synth 8-7129] Port m_axi_rdata[32] in module axi_dwidth_converter_v2_1_38_axi_upsizer is either unconnected or has no load
INFO: [Synth 8-7129] Port m_axi_rdata[31] in module axi_dwidth_converter_v2_1_38_axi_upsizer is either unconnected or has no load
INFO: [Synth 8-7129] Port m_axi_rdata[30] in module axi_dwidth_converter_v2_1_38_axi_upsizer is either unconnected or has no load
INFO: [Synth 8-7129] Port m_axi_rdata[29] in module axi_dwidth_converter_v2_1_38_axi_upsizer is either unconnected or has no load
INFO: [Synth 8-7129] Port m_axi_rdata[28] in module axi_dwidth_converter_v2_1_38_axi_upsizer is either unconnected or has no load
INFO: [Synth 8-7129] Port m_axi_rdata[27] in module axi_dwidth_converter_v2_1_38_axi_upsizer is either unconnected or has no load
INFO: [Synth 8-7129] Port m_axi_rdata[26] in module axi_dwidth_converter_v2_1_38_axi_upsizer is either unconnected or has no load
INFO: [Synth 8-7129] Port m_axi_rdata[25] in module axi_dwidth_converter_v2_1_38_axi_upsizer is either unconnected or has no load
INFO: [Synth 8-7129] Port m_axi_rdata[24] in module axi_dwidth_converter_v2_1_38_axi_upsizer is either unconnected or has no load
INFO: [Synth 8-7129] Port m_axi_rdata[23] in module axi_dwidth_converter_v2_1_38_axi_upsizer is either unconnected or has no load
INFO: [Synth 8-7129] Port m_axi_rdata[22] in module axi_dwidth_converter_v2_1_38_axi_upsizer is either unconnected or has no load
INFO: [Synth 8-7129] Port m_axi_rdata[21] in module axi_dwidth_converter_v2_1_38_axi_upsizer is either unconnected or has no load
INFO: [Synth 8-7129] Port m_axi_rdata[20] in module axi_dwidth_converter_v2_1_38_axi_upsizer is either unconnected or has no load
INFO: [Synth 8-7129] Port m_axi_rdata[19] in module axi_dwidth_converter_v2_1_38_axi_upsizer is either unconnected or has no load
INFO: [Synth 8-7129] Port m_axi_rdata[18] in module axi_dwidth_converter_v2_1_38_axi_upsizer is either unconnected or has no load
INFO: [Synth 8-7129] Port m_axi_rdata[17] in module axi_dwidth_converter_v2_1_38_axi_upsizer is either unconnected or has no load
INFO: [Synth 8-7129] Port m_axi_rdata[16] in module axi_dwidth_converter_v2_1_38_axi_upsizer is either unconnected or has no load
INFO: [Synth 8-7129] Port m_axi_rdata[15] in module axi_dwidth_converter_v2_1_38_axi_upsizer is either unconnected or has no load
INFO: [Synth 8-7129] Port m_axi_rdata[14] in module axi_dwidth_converter_v2_1_38_axi_upsizer is either unconnected or has no load
INFO: [Synth 8-7129] Port m_axi_rdata[13] in module axi_dwidth_converter_v2_1_38_axi_upsizer is either unconnected or has no load
INFO: [Synth 8-7129] Port m_axi_rdata[12] in module axi_dwidth_converter_v2_1_38_axi_upsizer is either unconnected or has no load
INFO: [Synth 8-7129] Port m_axi_rdata[11] in module axi_dwidth_converter_v2_1_38_axi_upsizer is either unconnected or has no load
INFO: [Synth 8-7129] Port m_axi_rdata[10] in module axi_dwidth_converter_v2_1_38_axi_upsizer is either unconnected or has no load
INFO: [Synth 8-7129] Port m_axi_rdata[9] in module axi_dwidth_converter_v2_1_38_axi_upsizer is either unconnected or has no load
INFO: [Synth 8-7129] Port m_axi_rdata[8] in module axi_dwidth_converter_v2_1_38_axi_upsizer is either unconnected or has no load
INFO: [Synth 8-7129] Port m_axi_rdata[7] in module axi_dwidth_converter_v2_1_38_axi_upsizer is either unconnected or has no load
INFO: [Synth 8-7129] Port m_axi_rdata[6] in module axi_dwidth_converter_v2_1_38_axi_upsizer is either unconnected or has no load
INFO: [Synth 8-7129] Port m_axi_rdata[5] in module axi_dwidth_converter_v2_1_38_axi_upsizer is either unconnected or has no load
INFO: [Synth 8-7129] Port m_axi_rdata[4] in module axi_dwidth_converter_v2_1_38_axi_upsizer is either unconnected or has no load
INFO: [Synth 8-7129] Port m_axi_rdata[3] in module axi_dwidth_converter_v2_1_38_axi_upsizer is either unconnected or has no load
INFO: [Synth 8-7129] Port m_axi_rdata[2] in module axi_dwidth_converter_v2_1_38_axi_upsizer is either unconnected or has no load
INFO: [Synth 8-7129] Port m_axi_rdata[1] in module axi_dwidth_converter_v2_1_38_axi_upsizer is either unconnected or has no load
INFO: [Synth 8-7129] Port m_axi_rdata[0] in module axi_dwidth_converter_v2_1_38_axi_upsizer is either unconnected or has no load
INFO: [Synth 8-7129] Port m_axi_rresp[1] in module axi_dwidth_converter_v2_1_38_axi_upsizer is either unconnected or has no load
INFO: [Synth 8-7129] Port m_axi_rresp[0] in module axi_dwidth_converter_v2_1_38_axi_upsizer is either unconnected or has no load
INFO: [Synth 8-7129] Port m_axi_rlast in module axi_dwidth_converter_v2_1_38_axi_upsizer is either unconnected or has no load
INFO: [Synth 8-7129] Port m_axi_rvalid in module axi_dwidth_converter_v2_1_38_axi_upsizer is either unconnected or has no load
INFO: [Synth 8-7129] Port s_axi_awregion[3] in module axi_dwidth_converter_v2_1_38_top is either unconnected or has no load
INFO: [Common 17-14] Message 'Synth 8-7129' appears 100 times and further instances of the messages will be disabled. Use the Tcl command set_msg_config to change the current settings.
---------------------------------------------------------------------------------
Finished RTL Elaboration : Time (s): cpu = 00:00:16 ; elapsed = 00:00:18 . Memory (MB): peak = 1698.184 ; gain = 849.684
---------------------------------------------------------------------------------
---------------------------------------------------------------------------------
Start Handling Custom Attributes
---------------------------------------------------------------------------------
---------------------------------------------------------------------------------
Finished Handling Custom Attributes : Time (s): cpu = 00:00:16 ; elapsed = 00:00:18 . Memory (MB): peak = 1698.184 ; gain = 849.684
---------------------------------------------------------------------------------
---------------------------------------------------------------------------------
Finished RTL Optimization Phase 1 : Time (s): cpu = 00:00:16 ; elapsed = 00:00:18 . Memory (MB): peak = 1698.184 ; gain = 849.684
---------------------------------------------------------------------------------
Netlist sorting complete. Time (s): cpu = 00:00:00 ; elapsed = 00:00:00.020 . Memory (MB): peak = 1698.184 ; gain = 0.000
INFO: [Project 1-570] Preparing netlist for logic optimization

Processing XDC Constraints
Initializing timing engine
Parsing XDC File [c:/Users/eziochen/Desktop/fpga_project/fpga/image/image.gen/sources_1/bd/design_1/ip/design_1_axi_mem_intercon_imp_auto_us_1/design_1_axi_mem_intercon_imp_auto_us_1_ooc.xdc] for cell 'inst'
Finished Parsing XDC File [c:/Users/eziochen/Desktop/fpga_project/fpga/image/image.gen/sources_1/bd/design_1/ip/design_1_axi_mem_intercon_imp_auto_us_1/design_1_axi_mem_intercon_imp_auto_us_1_ooc.xdc] for cell 'inst'
Parsing XDC File [C:/Users/eziochen/Desktop/fpga_project/fpga/image/image.runs/design_1_axi_mem_intercon_imp_auto_us_1_synth_1/dont_touch.xdc]
Finished Parsing XDC File [C:/Users/eziochen/Desktop/fpga_project/fpga/image/image.runs/design_1_axi_mem_intercon_imp_auto_us_1_synth_1/dont_touch.xdc]
Completed Processing XDC Constraints

Netlist sorting complete. Time (s): cpu = 00:00:00 ; elapsed = 00:00:00.002 . Memory (MB): peak = 1698.184 ; gain = 0.000
INFO: [Project 1-111] Unisim Transformation Summary:
No Unisim elements were transformed.

Constraint Validation Runtime : Time (s): cpu = 00:00:00 ; elapsed = 00:00:00.085 . Memory (MB): peak = 1698.184 ; gain = 0.000
INFO: [Designutils 20-5008] Incremental synthesis strategy off
---------------------------------------------------------------------------------
Finished Constraint Validation : Time (s): cpu = 00:00:28 ; elapsed = 00:00:31 . Memory (MB): peak = 1698.184 ; gain = 849.684
---------------------------------------------------------------------------------
---------------------------------------------------------------------------------
Start Loading Part and Timing Information
---------------------------------------------------------------------------------
Loading part: xc7z020clg400-1
---------------------------------------------------------------------------------
Finished Loading Part and Timing Information : Time (s): cpu = 00:00:28 ; elapsed = 00:00:31 . Memory (MB): peak = 1698.184 ; gain = 849.684
---------------------------------------------------------------------------------
---------------------------------------------------------------------------------
Start Applying 'set_property' XDC Constraints
---------------------------------------------------------------------------------
---------------------------------------------------------------------------------
Finished applying 'set_property' XDC Constraints : Time (s): cpu = 00:00:28 ; elapsed = 00:00:31 . Memory (MB): peak = 1698.184 ; gain = 849.684
---------------------------------------------------------------------------------
---------------------------------------------------------------------------------
Finished RTL Optimization Phase 2 : Time (s): cpu = 00:00:29 ; elapsed = 00:00:32 . Memory (MB): peak = 1698.184 ; gain = 849.684
---------------------------------------------------------------------------------
---------------------------------------------------------------------------------
Start RTL Component Statistics 
---------------------------------------------------------------------------------
---------------------------------------------------------------------------------
Finished RTL Component Statistics 
---------------------------------------------------------------------------------
---------------------------------------------------------------------------------
Start Part Resource Summary
---------------------------------------------------------------------------------
Part Resources:
DSPs: 220 (col length:60)
BRAMs: 280 (col length: RAMB18 60 RAMB36 30)
---------------------------------------------------------------------------------
Finished Part Resource Summary
---------------------------------------------------------------------------------
---------------------------------------------------------------------------------
Start Cross Boundary and Area Optimization
---------------------------------------------------------------------------------
---------------------------------------------------------------------------------
Finished Cross Boundary and Area Optimization : Time (s): cpu = 00:00:34 ; elapsed = 00:00:37 . Memory (MB): peak = 1698.184 ; gain = 849.684
---------------------------------------------------------------------------------
---------------------------------------------------------------------------------
Start Applying XDC Timing Constraints
---------------------------------------------------------------------------------
---------------------------------------------------------------------------------
Finished Applying XDC Timing Constraints : Time (s): cpu = 00:00:39 ; elapsed = 00:00:42 . Memory (MB): peak = 1791.309 ; gain = 942.809
---------------------------------------------------------------------------------
---------------------------------------------------------------------------------
Start Timing Optimization
---------------------------------------------------------------------------------
---------------------------------------------------------------------------------
Finished Timing Optimization : Time (s): cpu = 00:00:39 ; elapsed = 00:00:42 . Memory (MB): peak = 1817.426 ; gain = 968.926
---------------------------------------------------------------------------------
---------------------------------------------------------------------------------
Start Technology Mapping
---------------------------------------------------------------------------------
---------------------------------------------------------------------------------
Finished Technology Mapping : Time (s): cpu = 00:00:40 ; elapsed = 00:00:42 . Memory (MB): peak = 1818.238 ; gain = 969.738
---------------------------------------------------------------------------------
---------------------------------------------------------------------------------
Start IO Insertion
---------------------------------------------------------------------------------
---------------------------------------------------------------------------------
Start Flattening Before IO Insertion
---------------------------------------------------------------------------------
---------------------------------------------------------------------------------
Finished Flattening Before IO Insertion
---------------------------------------------------------------------------------
---------------------------------------------------------------------------------
Start Final Netlist Cleanup
---------------------------------------------------------------------------------
---------------------------------------------------------------------------------
Finished Final Netlist Cleanup
---------------------------------------------------------------------------------
---------------------------------------------------------------------------------
Finished IO Insertion : Time (s): cpu = 00:00:44 ; elapsed = 00:00:47 . Memory (MB): peak = 2078.141 ; gain = 1229.641
---------------------------------------------------------------------------------
---------------------------------------------------------------------------------
Start Renaming Generated Instances
---------------------------------------------------------------------------------
---------------------------------------------------------------------------------
Finished Renaming Generated Instances : Time (s): cpu = 00:00:44 ; elapsed = 00:00:47 . Memory (MB): peak = 2078.141 ; gain = 1229.641
---------------------------------------------------------------------------------
---------------------------------------------------------------------------------
Start Rebuilding User Hierarchy
---------------------------------------------------------------------------------
---------------------------------------------------------------------------------
Finished Rebuilding User Hierarchy : Time (s): cpu = 00:00:44 ; elapsed = 00:00:47 . Memory (MB): peak = 2078.141 ; gain = 1229.641
---------------------------------------------------------------------------------
---------------------------------------------------------------------------------
Start Renaming Generated Ports
---------------------------------------------------------------------------------
---------------------------------------------------------------------------------
Finished Renaming Generated Ports : Time (s): cpu = 00:00:44 ; elapsed = 00:00:47 . Memory (MB): peak = 2078.141 ; gain = 1229.641
---------------------------------------------------------------------------------
---------------------------------------------------------------------------------
Start Handling Custom Attributes
---------------------------------------------------------------------------------
---------------------------------------------------------------------------------
Finished Handling Custom Attributes : Time (s): cpu = 00:00:44 ; elapsed = 00:00:47 . Memory (MB): peak = 2078.141 ; gain = 1229.641
---------------------------------------------------------------------------------
---------------------------------------------------------------------------------
Start Renaming Generated Nets
---------------------------------------------------------------------------------
---------------------------------------------------------------------------------
Finished Renaming Generated Nets : Time (s): cpu = 00:00:44 ; elapsed = 00:00:47 . Memory (MB): peak = 2078.141 ; gain = 1229.641
---------------------------------------------------------------------------------
---------------------------------------------------------------------------------
Start Writing Synthesis Report
---------------------------------------------------------------------------------

Report BlackBoxes: 
+-+--------------+----------+
| |BlackBox name |Instances |
+-+--------------+----------+
+-+--------------+----------+

Report Cell Usage: 
+------+--------+------+
|      |Cell    |Count |
+------+--------+------+
|1     |LUT1    |     2|
|2     |LUT2    |    11|
|3     |LUT3    |    26|
|4     |LUT4    |    16|
|5     |LUT5    |   108|
|6     |LUT6    |    69|
|7     |SRLC32E |    25|
|8     |FDRE    |   253|
|9     |FDSE    |     2|
+------+--------+------+
---------------------------------------------------------------------------------
Finished Writing Synthesis Report : Time (s): cpu = 00:00:44 ; elapsed = 00:00:47 . Memory (MB): peak = 2078.141 ; gain = 1229.641
---------------------------------------------------------------------------------
Synthesis finished with 0 errors, 0 critical warnings and 0 warnings.
Synthesis Optimization Runtime : Time (s): cpu = 00:00:25 ; elapsed = 00:00:44 . Memory (MB): peak = 2078.141 ; gain = 1229.641
Synthesis Optimization Complete : Time (s): cpu = 00:00:44 ; elapsed = 00:00:47 . Memory (MB): peak = 2078.141 ; gain = 1229.641
INFO: [Project 1-571] Translating synthesized netlist
Netlist sorting complete. Time (s): cpu = 00:00:00 ; elapsed = 00:00:00.005 . Memory (MB): peak = 2087.234 ; gain = 0.000
INFO: [Project 1-570] Preparing netlist for logic optimization
INFO: [Opt 31-138] Pushed 0 inverter(s) to 0 load pin(s).
Netlist sorting complete. Time (s): cpu = 00:00:00 ; elapsed = 00:00:00.001 . Memory (MB): peak = 2090.953 ; gain = 0.000
INFO: [Project 1-111] Unisim Transformation Summary:
No Unisim elements were transformed.

Synth Design complete | Checksum: 4bb9881f
INFO: [Common 17-83] Releasing license: Vivado_Synthesis
146 Infos, 0 Warnings, 0 Critical Warnings and 0 Errors encountered.
synth_design completed successfully
synth_design: Time (s): cpu = 00:00:51 ; elapsed = 00:00:56 . Memory (MB): peak = 2090.953 ; gain = 1466.641
Write ShapeDB Complete: Time (s): cpu = 00:00:00 ; elapsed = 00:00:00.001 . Memory (MB): peak = 2090.953 ; gain = 0.000
INFO: [Common 17-1381] The checkpoint 'C:/Users/eziochen/Desktop/fpga_project/fpga/image/image.runs/design_1_axi_mem_intercon_imp_auto_us_1_synth_1/design_1_axi_mem_intercon_imp_auto_us_1.dcp' has been generated.
INFO: [Ipptcl 7-1612] Added synthesis output to IP cache for IP design_1_axi_mem_intercon_imp_auto_us_1, cache-ID = e6685af11d2b3314
INFO: [Coretcl 2-1174] Renamed 7 cell refs.
Write ShapeDB Complete: Time (s): cpu = 00:00:00 ; elapsed = 00:00:00.002 . Memory (MB): peak = 2090.953 ; gain = 0.000
INFO: [Common 17-1381] The checkpoint 'C:/Users/eziochen/Desktop/fpga_project/fpga/image/image.runs/design_1_axi_mem_intercon_imp_auto_us_1_synth_1/design_1_axi_mem_intercon_imp_auto_us_1.dcp' has been generated.
INFO: [Vivado 12-24828] Executing command : report_utilization -file design_1_axi_mem_intercon_imp_auto_us_1_utilization_synth.rpt -pb design_1_axi_mem_intercon_imp_auto_us_1_utilization_synth.pb
INFO: [Common 17-206] Exiting Vivado at Sat Oct  3 13:05:36 2026...
